--2026-08-03 14:44:26--  https://ces.hku.hk/
Resolving ces.hku.hk (ces.hku.hk)... 162.159.135.42
Connecting to ces.hku.hk (ces.hku.hk)|162.159.135.42|:443... connected.
HTTP request sent, awaiting response... 200 OK
Length: unspecified [text/html]
Saving to: ‘snapshot/2026-08-03/public-site/ces.hku.hk/index.html’

     0K .......... .......... .......... .......... ..........  278K
    50K ........                                               18.2M=0.2s

2026-08-03 14:44:26 (323 KB/s) - ‘snapshot/2026-08-03/public-site/ces.hku.hk/index.html’ saved [59696]

--2026-08-03 14:44:26--  https://ces.hku.hk/wp-content/themes/CES_custom/style.css?v=1785698724
Reusing existing connection to ces.hku.hk:443.
HTTP request sent, awaiting response... 200 OK
Length: unspecified [text/css]
Saving to: ‘snapshot/2026-08-03/public-site/ces.hku.hk/wp-content/themes/CES_custom/style.css?v=1785698724.css’

     0K .......... ......                                       592K=0.03s

2026-08-03 14:44:26 (592 KB/s) - ‘snapshot/2026-08-03/public-site/ces.hku.hk/wp-content/themes/CES_custom/style.css?v=1785698724.css’ saved [17397]

--2026-08-03 14:44:26--  https://ces.hku.hk/wp-content/plugins/header-footer-elementor/inc/widgets-css/frontend.css?ver=2.8.3
Reusing existing connection to ces.hku.hk:443.
HTTP request sent, awaiting response... 200 OK
Length: unspecified [text/css]
Saving to: ‘snapshot/2026-08-03/public-site/ces.hku.hk/wp-content/plugins/header-footer-elementor/inc/widgets-css/frontend.css?ver=2.8.3.css’

     0K .......... .......... .......... .......... .......... 1000K
    50K .......... .......... .......... .                      512K=0.1s

2026-08-03 14:44:26 (733 KB/s) - ‘snapshot/2026-08-03/public-site/ces.hku.hk/wp-content/plugins/header-footer-elementor/inc/widgets-css/frontend.css?ver=2.8.3.css’ saved [83015]

--2026-08-03 14:44:26--  https://ces.hku.hk/wp-content/plugins/bogo/includes/css/style.css?ver=3.9.2
Reusing existing connection to ces.hku.hk:443.
HTTP request sent, awaiting response... 200 OK
Length: unspecified [text/css]
Saving to: ‘snapshot/2026-08-03/public-site/ces.hku.hk/wp-content/plugins/bogo/includes/css/style.css?ver=3.9.2.css’

     0K .......... ...                                         1.61M=0.008s

2026-08-03 14:44:26 (1.61 MB/s) - ‘snapshot/2026-08-03/public-site/ces.hku.hk/wp-content/plugins/bogo/includes/css/style.css?ver=3.9.2.css’ saved [13373]

--2026-08-03 14:44:26--  https://ces.hku.hk/wp-content/plugins/suretriggers/assets/css/st-trigger-button.css?ver=1.1.20
Reusing existing connection to ces.hku.hk:443.
HTTP request sent, awaiting response... 200 OK
Length: unspecified [text/css]
Saving to: ‘snapshot/2026-08-03/public-site/ces.hku.hk/wp-content/plugins/suretriggers/assets/css/st-trigger-button.css?ver=1.1.20.css’

     0K                                                         316M=0s

2026-08-03 14:44:26 (316 MB/s) - ‘snapshot/2026-08-03/public-site/ces.hku.hk/wp-content/plugins/suretriggers/assets/css/st-trigger-button.css?ver=1.1.20.css’ saved [662]

--2026-08-03 14:44:26--  https://ces.hku.hk/wp-content/plugins/header-footer-elementor/assets/css/header-footer-elementor.css?ver=2.8.3
Reusing existing connection to ces.hku.hk:443.
HTTP request sent, awaiting response... 200 OK
Length: unspecified [text/css]
Saving to: ‘snapshot/2026-08-03/public-site/ces.hku.hk/wp-content/plugins/header-footer-elementor/assets/css/header-footer-elementor.css?ver=2.8.3.css’

     0K                                                         370M=0s

2026-08-03 14:44:26 (370 MB/s) - ‘snapshot/2026-08-03/public-site/ces.hku.hk/wp-content/plugins/header-footer-elementor/assets/css/header-footer-elementor.css?ver=2.8.3.css’ saved [776]

--2026-08-03 14:44:26--  https://ces.hku.hk/wp-content/plugins/elementor/assets/lib/eicons/css/elementor-icons.min.css?ver=5.47.0
Reusing existing connection to ces.hku.hk:443.
HTTP request sent, awaiting response... 200 OK
Length: unspecified [text/css]
Saving to: ‘snapshot/2026-08-03/public-site/ces.hku.hk/wp-content/plugins/elementor/assets/lib/eicons/css/elementor-icons.min.css?ver=5.47.0.css’

     0K .......... .......... .                                82.6M=0s

2026-08-03 14:44:27 (82.6 MB/s) - ‘snapshot/2026-08-03/public-site/ces.hku.hk/wp-content/plugins/elementor/assets/lib/eicons/css/elementor-icons.min.css?ver=5.47.0.css’ saved [21641]

--2026-08-03 14:44:27--  https://ces.hku.hk/wp-content/plugins/elementor/assets/css/frontend.min.css?ver=3.35.7
Reusing existing connection to ces.hku.hk:443.
HTTP request sent, awaiting response... 200 OK
Length: unspecified [text/css]
Saving to: ‘snapshot/2026-08-03/public-site/ces.hku.hk/wp-content/plugins/elementor/assets/css/frontend.min.css?ver=3.35.7.css’

     0K .......... .......... .......... .......... ..........  339K
    50K ...                                                    67.7K=0.1s

2026-08-03 14:44:27 (362 KB/s) - ‘snapshot/2026-08-03/public-site/ces.hku.hk/wp-content/plugins/elementor/assets/css/frontend.min.css?ver=3.35.7.css’ saved [54666]

--2026-08-03 14:44:27--  https://ces.hku.hk/wp-content/uploads/elementor/css/post-1399.css?ver=1785643293
Reusing existing connection to ces.hku.hk:443.
HTTP request sent, awaiting response... 200 OK
Length: unspecified [text/css]
Saving to: ‘snapshot/2026-08-03/public-site/ces.hku.hk/wp-content/uploads/elementor/css/post-1399.css?ver=1785643293.css’

     0K .                                                       111M=0s

2026-08-03 14:44:27 (111 MB/s) - ‘snapshot/2026-08-03/public-site/ces.hku.hk/wp-content/uploads/elementor/css/post-1399.css?ver=1785643293.css’ saved [1167]

--2026-08-03 14:44:27--  https://ces.hku.hk/wp-content/plugins/elementor/assets/lib/font-awesome/css/all.min.css?ver=3.35.7
Reusing existing connection to ces.hku.hk:443.
HTTP request sent, awaiting response... 200 OK
Length: unspecified [text/css]
Saving to: ‘snapshot/2026-08-03/public-site/ces.hku.hk/wp-content/plugins/elementor/assets/lib/font-awesome/css/all.min.css?ver=3.35.7.css’

     0K .......... .......... .......... .......... ..........  951K
    50K .......                                                 667K=0.06s

2026-08-03 14:44:27 (898 KB/s) - ‘snapshot/2026-08-03/public-site/ces.hku.hk/wp-content/plugins/elementor/assets/lib/font-awesome/css/all.min.css?ver=3.35.7.css’ saved [59344]

--2026-08-03 14:44:27--  https://ces.hku.hk/wp-content/plugins/elementor/assets/lib/font-awesome/css/v4-shims.min.css?ver=3.35.7
Reusing existing connection to ces.hku.hk:443.
HTTP request sent, awaiting response... 200 OK
Length: unspecified [text/css]
Saving to: ‘snapshot/2026-08-03/public-site/ces.hku.hk/wp-content/plugins/elementor/assets/lib/font-awesome/css/v4-shims.min.css?ver=3.35.7.css’

     0K .......... .......... ......                           1.29M=0.02s

2026-08-03 14:44:27 (1.29 MB/s) - ‘snapshot/2026-08-03/public-site/ces.hku.hk/wp-content/plugins/elementor/assets/lib/font-awesome/css/v4-shims.min.css?ver=3.35.7.css’ saved [26702]

--2026-08-03 14:44:27--  https://ces.hku.hk/wp-content/plugins/elementor/assets/css/widget-image.min.css?ver=3.35.7
Reusing existing connection to ces.hku.hk:443.
HTTP request sent, awaiting response... 200 OK
Length: unspecified [text/css]
Saving to: ‘snapshot/2026-08-03/public-site/ces.hku.hk/wp-content/plugins/elementor/assets/css/widget-image.min.css?ver=3.35.7.css’

     0K                                                        25.5M=0s

2026-08-03 14:44:27 (25.5 MB/s) - ‘snapshot/2026-08-03/public-site/ces.hku.hk/wp-content/plugins/elementor/assets/css/widget-image.min.css?ver=3.35.7.css’ saved [214]

--2026-08-03 14:44:27--  https://ces.hku.hk/wp-content/uploads/elementor/css/post-2.css?ver=1785646049
Reusing existing connection to ces.hku.hk:443.
HTTP request sent, awaiting response... 200 OK
Length: unspecified [text/css]
Saving to: ‘snapshot/2026-08-03/public-site/ces.hku.hk/wp-content/uploads/elementor/css/post-2.css?ver=1785646049.css’

     0K .                                                       205M=0s

2026-08-03 14:44:28 (205 MB/s) - ‘snapshot/2026-08-03/public-site/ces.hku.hk/wp-content/uploads/elementor/css/post-2.css?ver=1785646049.css’ saved [1077]

--2026-08-03 14:44:28--  https://ces.hku.hk/wp-content/plugins/elementor/assets/lib/eicons/css/elementor-icons.min.css?ver=5.34.0
Reusing existing connection to ces.hku.hk:443.
HTTP request sent, awaiting response... 200 OK
Length: unspecified [text/css]
Saving to: ‘snapshot/2026-08-03/public-site/ces.hku.hk/wp-content/plugins/elementor/assets/lib/eicons/css/elementor-icons.min.css?ver=5.34.0.css’

     0K .......... .......... .                                1.78M=0.01s

2026-08-03 14:44:28 (1.78 MB/s) - ‘snapshot/2026-08-03/public-site/ces.hku.hk/wp-content/plugins/elementor/assets/lib/eicons/css/elementor-icons.min.css?ver=5.34.0.css’ saved [21641]

--2026-08-03 14:44:28--  https://ces.hku.hk/wp-content/plugins/elementor/assets/css/widget-icon-list.min.css?ver=3.24.3
Reusing existing connection to ces.hku.hk:443.
HTTP request sent, awaiting response... 200 OK
Length: unspecified [text/css]
Saving to: ‘snapshot/2026-08-03/public-site/ces.hku.hk/wp-content/plugins/elementor/assets/css/widget-icon-list.min.css?ver=3.24.3.css’

     0K ..........                                              290K=0.03s

2026-08-03 14:44:28 (290 KB/s) - ‘snapshot/2026-08-03/public-site/ces.hku.hk/wp-content/plugins/elementor/assets/css/widget-icon-list.min.css?ver=3.24.3.css’ saved [10255]

--2026-08-03 14:44:28--  https://ces.hku.hk/wp-content/plugins/elementor/assets/css/widget-social-icons.min.css?ver=3.24.0
Reusing existing connection to ces.hku.hk:443.
HTTP request sent, awaiting response... 200 OK
Length: unspecified [text/css]
Saving to: ‘snapshot/2026-08-03/public-site/ces.hku.hk/wp-content/plugins/elementor/assets/css/widget-social-icons.min.css?ver=3.24.0.css’

     0K ....                                                    487M=0s

2026-08-03 14:44:28 (487 MB/s) - ‘snapshot/2026-08-03/public-site/ces.hku.hk/wp-content/plugins/elementor/assets/css/widget-social-icons.min.css?ver=3.24.0.css’ saved [5110]

--2026-08-03 14:44:28--  https://ces.hku.hk/wp-content/plugins/elementor/assets/lib/font-awesome/css/brands.css?ver=5.15.3
Reusing existing connection to ces.hku.hk:443.
HTTP request sent, awaiting response... 200 OK
Length: unspecified [text/css]
Saving to: ‘snapshot/2026-08-03/public-site/ces.hku.hk/wp-content/plugins/elementor/assets/lib/font-awesome/css/brands.css?ver=5.15.3.css’

     0K                                                         349M=0s

2026-08-03 14:44:28 (349 MB/s) - ‘snapshot/2026-08-03/public-site/ces.hku.hk/wp-content/plugins/elementor/assets/lib/font-awesome/css/brands.css?ver=5.15.3.css’ saved [732]

--2026-08-03 14:44:28--  https://ces.hku.hk/wp-content/plugins/elementor/assets/lib/font-awesome/css/fontawesome.css?ver=5.15.3
Reusing existing connection to ces.hku.hk:443.
HTTP request sent, awaiting response... 200 OK
Length: unspecified [text/css]
Saving to: ‘snapshot/2026-08-03/public-site/ces.hku.hk/wp-content/plugins/elementor/assets/lib/font-awesome/css/fontawesome.css?ver=5.15.3.css’

     0K .......... .......... .......... .......... ..........  899K
    50K .......... ..........                                  1.33M=0.07s

2026-08-03 14:44:28 (998 KB/s) - ‘snapshot/2026-08-03/public-site/ces.hku.hk/wp-content/plugins/elementor/assets/lib/font-awesome/css/fontawesome.css?ver=5.15.3.css’ saved [72184]

--2026-08-03 14:44:28--  https://ces.hku.hk/wp-content/plugins/elementor/assets/lib/font-awesome/css/solid.css?ver=5.15.3
Reusing existing connection to ces.hku.hk:443.
HTTP request sent, awaiting response... 200 OK
Length: unspecified [text/css]
Saving to: ‘snapshot/2026-08-03/public-site/ces.hku.hk/wp-content/plugins/elementor/assets/lib/font-awesome/css/solid.css?ver=5.15.3.css’

     0K                                                         139M=0s

2026-08-03 14:44:28 (139 MB/s) - ‘snapshot/2026-08-03/public-site/ces.hku.hk/wp-content/plugins/elementor/assets/lib/font-awesome/css/solid.css?ver=5.15.3.css’ saved [727]

--2026-08-03 14:44:28--  https://ces.hku.hk/wp-content/plugins/elementor/assets/lib/font-awesome/js/v4-shims.min.js?ver=3.35.7
Reusing existing connection to ces.hku.hk:443.
HTTP request sent, awaiting response... 200 OK
Length: unspecified [application/javascript]
Saving to: ‘snapshot/2026-08-03/public-site/ces.hku.hk/wp-content/plugins/elementor/assets/lib/font-awesome/js/v4-shims.min.js?ver=3.35.7’

     0K .......... ....                                         141K=0.1s

2026-08-03 14:44:28 (141 KB/s) - ‘snapshot/2026-08-03/public-site/ces.hku.hk/wp-content/plugins/elementor/assets/lib/font-awesome/js/v4-shims.min.js?ver=3.35.7’ saved [15073]

--2026-08-03 14:44:28--  https://ces.hku.hk/wp-includes/js/jquery/jquery.min.js?ver=3.7.1
Reusing existing connection to ces.hku.hk:443.
HTTP request sent, awaiting response... 200 OK
Length: unspecified [application/javascript]
Saving to: ‘snapshot/2026-08-03/public-site/ces.hku.hk/wp-includes/js/jquery/jquery.min.js?ver=3.7.1’

     0K .......... .......... .......... .......... ..........  369K
    50K .......... .......... .......... .....                 1.13M=0.2s

2026-08-03 14:44:28 (514 KB/s) - ‘snapshot/2026-08-03/public-site/ces.hku.hk/wp-includes/js/jquery/jquery.min.js?ver=3.7.1’ saved [87553]

--2026-08-03 14:44:28--  https://ces.hku.hk/wp-includes/js/jquery/jquery-migrate.min.js?ver=3.4.1
Reusing existing connection to ces.hku.hk:443.
HTTP request sent, awaiting response... 200 OK
Length: unspecified [application/javascript]
Saving to: ‘snapshot/2026-08-03/public-site/ces.hku.hk/wp-includes/js/jquery/jquery-migrate.min.js?ver=3.4.1’

     0K .......... ...                                         36.5K=0.4s

2026-08-03 14:44:29 (36.5 KB/s) - ‘snapshot/2026-08-03/public-site/ces.hku.hk/wp-includes/js/jquery/jquery-migrate.min.js?ver=3.4.1’ saved [13577]

--2026-08-03 14:44:29--  https://ces.hku.hk/wp-content/themes/CES_custom/assets/HKU_logo_wb.jpg
Reusing existing connection to ces.hku.hk:443.
HTTP request sent, awaiting response... 200 OK
Length: 512123 (500K) [image/jpeg]
Saving to: ‘snapshot/2026-08-03/public-site/ces.hku.hk/wp-content/themes/CES_custom/assets/HKU_logo_wb.jpg’

     0K .......... .......... .......... .......... ..........  9%  216K 2s
    50K .......... .......... .......... .......... .......... 19% 18.9M 1s
   100K .......... .......... .......... .......... .......... 29%  442K 1s
   150K .......... .......... .......... .......... .......... 39%  505K 1s
   200K .......... .......... .......... .......... .......... 49%  760K 1s
   250K .......... .......... .......... .......... .......... 59%  573K 0s
   300K .......... .......... .......... .......... .......... 69% 1.05M 0s
   350K .......... .......... .......... .......... .......... 79%  303K 0s
   400K .......... .......... .......... .......... .......... 89%  477K 0s
   450K .......... .......... .......... .......... .......... 99% 2.52M 0s
   500K                                                       100% 2.40K=0.9s

2026-08-03 14:44:30 (535 KB/s) - ‘snapshot/2026-08-03/public-site/ces.hku.hk/wp-content/themes/CES_custom/assets/HKU_logo_wb.jpg’ saved [512123/512123]

--2026-08-03 14:44:30--  https://ces.hku.hk/wp-content/themes/CES_custom/assets/homepage.png
Reusing existing connection to ces.hku.hk:443.
HTTP request sent, awaiting response... 200 OK
Length: 814831 (796K) [image/png]
Saving to: ‘snapshot/2026-08-03/public-site/ces.hku.hk/wp-content/themes/CES_custom/assets/homepage.png’

     0K .......... .......... .......... .......... ..........  6%  503K 1s
    50K .......... .......... .......... .......... .......... 12% 1002K 1s
   100K .......... .......... .......... .......... .......... 18% 2.89M 1s
   150K .......... .......... .......... .......... .......... 25%  388K 1s
   200K .......... .......... .......... .......... .......... 31% 1.09M 1s
   250K .......... .......... .......... .......... .......... 37%  990K 1s
   300K .......... .......... .......... .......... .......... 43% 1.08M 1s
   350K .......... .......... .......... .......... .......... 50%  676K 1s
   400K .......... .......... .......... .......... .......... 56% 1.49M 0s
   450K .......... .......... .......... .......... .......... 62%  702K 0s
   500K .......... .......... .......... .......... .......... 69% 1.25M 0s
   550K .......... .......... .......... .......... .......... 75% 1.96M 0s
   600K .......... .......... .......... .......... .......... 81%  310K 0s
   650K .......... .......... .......... .......... .......... 87% 2.07M 0s
   700K .......... .......... .......... .......... .......... 94%  704K 0s
   750K .......... .......... .......... .......... .....     100% 1.61M=1.0s

2026-08-03 14:44:31 (828 KB/s) - ‘snapshot/2026-08-03/public-site/ces.hku.hk/wp-content/themes/CES_custom/assets/homepage.png’ saved [814831/814831]

--2026-08-03 14:44:31--  https://ces.hku.hk/wp-content/themes/CES_custom/assets/battery/high-loading_electrodes.jpg
Reusing existing connection to ces.hku.hk:443.
HTTP request sent, awaiting response... 200 OK
Length: 28181 (28K) [image/jpeg]
Saving to: ‘snapshot/2026-08-03/public-site/ces.hku.hk/wp-content/themes/CES_custom/assets/battery/high-loading_electrodes.jpg’

     0K .......... .......... .......                         100%  157M=0s

2026-08-03 14:44:31 (157 MB/s) - ‘snapshot/2026-08-03/public-site/ces.hku.hk/wp-content/themes/CES_custom/assets/battery/high-loading_electrodes.jpg’ saved [28181/28181]

--2026-08-03 14:44:31--  https://ces.hku.hk/wp-content/themes/CES_custom/assets/battery/Cylindrical_Batteries.jpg
Reusing existing connection to ces.hku.hk:443.
HTTP request sent, awaiting response... 200 OK
Length: 15784 (15K) [image/jpeg]
Saving to: ‘snapshot/2026-08-03/public-site/ces.hku.hk/wp-content/themes/CES_custom/assets/battery/Cylindrical_Batteries.jpg’

     0K .......... .....                                      100% 11.5M=0.001s

2026-08-03 14:44:31 (11.5 MB/s) - ‘snapshot/2026-08-03/public-site/ces.hku.hk/wp-content/themes/CES_custom/assets/battery/Cylindrical_Batteries.jpg’ saved [15784/15784]

--2026-08-03 14:44:31--  https://ces.hku.hk/wp-content/themes/CES_custom/assets/battery/Prismatic_Batteries_single.jpg
Reusing existing connection to ces.hku.hk:443.
HTTP request sent, awaiting response... 200 OK
Length: 23824 (23K) [image/jpeg]
Saving to: ‘snapshot/2026-08-03/public-site/ces.hku.hk/wp-content/themes/CES_custom/assets/battery/Prismatic_Batteries_single.jpg’

     0K .......... .......... ...                             100% 1.23M=0.02s

2026-08-03 14:44:31 (1.23 MB/s) - ‘snapshot/2026-08-03/public-site/ces.hku.hk/wp-content/themes/CES_custom/assets/battery/Prismatic_Batteries_single.jpg’ saved [23824/23824]

--2026-08-03 14:44:31--  https://ces.hku.hk/wp-content/themes/CES_custom/assets/battery/Prismatic_Batteries_pack.png
Reusing existing connection to ces.hku.hk:443.
HTTP request sent, awaiting response... 200 OK
Length: 110488 (108K) [image/png]
Saving to: ‘snapshot/2026-08-03/public-site/ces.hku.hk/wp-content/themes/CES_custom/assets/battery/Prismatic_Batteries_pack.png’

     0K .......... .......... .......... .......... .......... 46% 96.7M 0s
    50K .......... .......... .......... .......... .......... 92% 1.01M 0s
   100K .......                                               100% 11.9M=0.05s

2026-08-03 14:44:31 (2.12 MB/s) - ‘snapshot/2026-08-03/public-site/ces.hku.hk/wp-content/themes/CES_custom/assets/battery/Prismatic_Batteries_pack.png’ saved [110488/110488]

--2026-08-03 14:44:31--  https://ces.hku.hk/wp-content/themes/CES_custom/assets/battery/pouch_cell_dry.png
Reusing existing connection to ces.hku.hk:443.
HTTP request sent, awaiting response... 200 OK
Length: 95422 (93K) [image/png]
Saving to: ‘snapshot/2026-08-03/public-site/ces.hku.hk/wp-content/themes/CES_custom/assets/battery/pouch_cell_dry.png’

     0K .......... .......... .......... .......... .......... 53% 87.7M 0s
    50K .......... .......... .......... .......... ...       100%  485K=0.09s

2026-08-03 14:44:32 (1.02 MB/s) - ‘snapshot/2026-08-03/public-site/ces.hku.hk/wp-content/themes/CES_custom/assets/battery/pouch_cell_dry.png’ saved [95422/95422]

--2026-08-03 14:44:32--  https://ces.hku.hk/wp-content/themes/CES_custom/assets/battery/pouch_cell_full.jpg
Reusing existing connection to ces.hku.hk:443.
HTTP request sent, awaiting response... 200 OK
Length: 10074 (9.8K) [image/jpeg]
Saving to: ‘snapshot/2026-08-03/public-site/ces.hku.hk/wp-content/themes/CES_custom/assets/battery/pouch_cell_full.jpg’

     0K .........                                             100% 2.35G=0s

2026-08-03 14:44:32 (2.35 GB/s) - ‘snapshot/2026-08-03/public-site/ces.hku.hk/wp-content/themes/CES_custom/assets/battery/pouch_cell_full.jpg’ saved [10074/10074]

--2026-08-03 14:44:32--  https://ces.hku.hk/wp-content/themes/CES_custom/assets/battery/Auxiliary_clamp.jpg
Reusing existing connection to ces.hku.hk:443.
HTTP request sent, awaiting response... 200 OK
Length: 19040 (19K) [image/jpeg]
Saving to: ‘snapshot/2026-08-03/public-site/ces.hku.hk/wp-content/themes/CES_custom/assets/battery/Auxiliary_clamp.jpg’

     0K .......... ........                                   100% 34.9M=0.001s

2026-08-03 14:44:32 (34.9 MB/s) - ‘snapshot/2026-08-03/public-site/ces.hku.hk/wp-content/themes/CES_custom/assets/battery/Auxiliary_clamp.jpg’ saved [19040/19040]

--2026-08-03 14:44:32--  https://ces.hku.hk/wp-content/themes/CES_custom/assets/hku_mb.jpg
Reusing existing connection to ces.hku.hk:443.
HTTP request sent, awaiting response... 200 OK
Length: 277196 (271K) [image/jpeg]
Saving to: ‘snapshot/2026-08-03/public-site/ces.hku.hk/wp-content/themes/CES_custom/assets/hku_mb.jpg’

     0K .......... .......... .......... .......... .......... 18%  756K 0s
    50K .......... .......... .......... .......... .......... 36%  425K 0s
   100K .......... .......... .......... .......... .......... 55% 3.23M 0s
   150K .......... .......... .......... .......... .......... 73%  579K 0s
   200K .......... .......... .......... .......... .......... 92%  846K 0s
   250K .......... ..........                                 100% 30.9M=0.3s

2026-08-03 14:44:32 (784 KB/s) - ‘snapshot/2026-08-03/public-site/ces.hku.hk/wp-content/themes/CES_custom/assets/hku_mb.jpg’ saved [277196/277196]

--2026-08-03 14:44:32--  https://ces.hku.hk/wp-content/themes/CES_custom/js/main.js?v=1785698724
Reusing existing connection to ces.hku.hk:443.
HTTP request sent, awaiting response... 200 OK
Length: unspecified [application/javascript]
Saving to: ‘snapshot/2026-08-03/public-site/ces.hku.hk/wp-content/themes/CES_custom/js/main.js?v=1785698724’

     0K .......... .......... .......... .......... .......... 39.5M
    50K ......                                                 28.4M=0.001s

2026-08-03 14:44:33 (37.9 MB/s) - ‘snapshot/2026-08-03/public-site/ces.hku.hk/wp-content/themes/CES_custom/js/main.js?v=1785698724’ saved [57405]

--2026-08-03 14:44:33--  https://ces.hku.hk/wp-content/plugins/suretriggers/assets/js/st-trigger-button.js?ver=1.1.20
Reusing existing connection to ces.hku.hk:443.
HTTP request sent, awaiting response... 200 OK
Length: unspecified [application/javascript]
Saving to: ‘snapshot/2026-08-03/public-site/ces.hku.hk/wp-content/plugins/suretriggers/assets/js/st-trigger-button.js?ver=1.1.20’

     0K ..                                                      604M=0s

2026-08-03 14:44:33 (604 MB/s) - ‘snapshot/2026-08-03/public-site/ces.hku.hk/wp-content/plugins/suretriggers/assets/js/st-trigger-button.js?ver=1.1.20’ saved [2532]

--2026-08-03 14:44:33--  https://ces.hku.hk/wp-includes/js/dist/dom-ready.min.js?ver=a06281ae5cf5500e9317
Reusing existing connection to ces.hku.hk:443.
HTTP request sent, awaiting response... 200 OK
Length: unspecified [application/javascript]
Saving to: ‘snapshot/2026-08-03/public-site/ces.hku.hk/wp-includes/js/dist/dom-ready.min.js?ver=a06281ae5cf5500e9317’

     0K                                                         195M=0s

2026-08-03 14:44:33 (195 MB/s) - ‘snapshot/2026-08-03/public-site/ces.hku.hk/wp-includes/js/dist/dom-ready.min.js?ver=a06281ae5cf5500e9317’ saved [818]

--2026-08-03 14:44:33--  https://ces.hku.hk/wp-content/plugins/astra-sites/inc/lib/onboarding/assets/dist/template-preview/main.js?ver=09382f635556bec359b3
Reusing existing connection to ces.hku.hk:443.
HTTP request sent, awaiting response... 200 OK
Length: unspecified [application/javascript]
Saving to: ‘snapshot/2026-08-03/public-site/ces.hku.hk/wp-content/plugins/astra-sites/inc/lib/onboarding/assets/dist/template-preview/main.js?ver=09382f635556bec359b3’

     0K ......                                                 40.0M=0s

2026-08-03 14:44:33 (40.0 MB/s) - ‘snapshot/2026-08-03/public-site/ces.hku.hk/wp-content/plugins/astra-sites/inc/lib/onboarding/assets/dist/template-preview/main.js?ver=09382f635556bec359b3’ saved [6587]

--2026-08-03 14:44:33--  https://ces.hku.hk/wp-content/plugins/elementor/assets/js/webpack.runtime.min.js?ver=3.35.7
Reusing existing connection to ces.hku.hk:443.
HTTP request sent, awaiting response... 200 OK
Length: unspecified [application/javascript]
Saving to: ‘snapshot/2026-08-03/public-site/ces.hku.hk/wp-content/plugins/elementor/assets/js/webpack.runtime.min.js?ver=3.35.7’

     0K .....                                                  19.1M=0s

2026-08-03 14:44:33 (19.1 MB/s) - ‘snapshot/2026-08-03/public-site/ces.hku.hk/wp-content/plugins/elementor/assets/js/webpack.runtime.min.js?ver=3.35.7’ saved [5722]

--2026-08-03 14:44:33--  https://ces.hku.hk/wp-content/plugins/elementor/assets/js/frontend-modules.min.js?ver=3.35.7
Reusing existing connection to ces.hku.hk:443.
HTTP request sent, awaiting response... 200 OK
Length: unspecified [application/javascript]
Saving to: ‘snapshot/2026-08-03/public-site/ces.hku.hk/wp-content/plugins/elementor/assets/js/frontend-modules.min.js?ver=3.35.7’

     0K .......... .......... .......... .......... .........  1.12M=0.04s

2026-08-03 14:44:33 (1.12 MB/s) - ‘snapshot/2026-08-03/public-site/ces.hku.hk/wp-content/plugins/elementor/assets/js/frontend-modules.min.js?ver=3.35.7’ saved [50503]

--2026-08-03 14:44:33--  https://ces.hku.hk/wp-includes/js/jquery/ui/core.min.js?ver=1.13.3
Reusing existing connection to ces.hku.hk:443.
HTTP request sent, awaiting response... 200 OK
Length: unspecified [application/javascript]
Saving to: ‘snapshot/2026-08-03/public-site/ces.hku.hk/wp-includes/js/jquery/ui/core.min.js?ver=1.13.3’

     0K .......... ..........                                   649K=0.03s

2026-08-03 14:44:33 (649 KB/s) - ‘snapshot/2026-08-03/public-site/ces.hku.hk/wp-includes/js/jquery/ui/core.min.js?ver=1.13.3’ saved [21464]

--2026-08-03 14:44:33--  https://ces.hku.hk/wp-content/plugins/elementor/assets/js/frontend.min.js?ver=3.35.7
Reusing existing connection to ces.hku.hk:443.
HTTP request sent, awaiting response... 200 OK
Length: unspecified [application/javascript]
Saving to: ‘snapshot/2026-08-03/public-site/ces.hku.hk/wp-content/plugins/elementor/assets/js/frontend.min.js?ver=3.35.7’

     0K .......... .......... .......... .                     1.13M=0.03s

2026-08-03 14:44:33 (1.13 MB/s) - ‘snapshot/2026-08-03/public-site/ces.hku.hk/wp-content/plugins/elementor/assets/js/frontend.min.js?ver=3.35.7’ saved [31928]

--2026-08-03 14:44:33--  https://ces.hku.hk/wp-content/plugins/elementor/assets/lib/eicons/fonts/eicons.eot?5.47.0
Reusing existing connection to ces.hku.hk:443.
HTTP request sent, awaiting response... 200 OK
Length: unspecified [application/vnd.ms-fontobject]
Saving to: ‘snapshot/2026-08-03/public-site/ces.hku.hk/wp-content/plugins/elementor/assets/lib/eicons/fonts/eicons.eot?5.47.0’

     0K .......... .......... .......... .......... ..........  972K
    50K .......... .......... .......... .......... .......... 1.18M
   100K .......... .......... .......... .......... ..........  352K
   150K .......... .......... .......... .......... ..........  627K
   200K .......... .......... ..........                       94.2K=0.6s

2026-08-03 14:44:34 (363 KB/s) - ‘snapshot/2026-08-03/public-site/ces.hku.hk/wp-content/plugins/elementor/assets/lib/eicons/fonts/eicons.eot?5.47.0’ saved [235564]

--2026-08-03 14:44:34--  https://ces.hku.hk/wp-content/plugins/elementor/assets/lib/eicons/fonts/eicons.woff2?5.47.0
Reusing existing connection to ces.hku.hk:443.
HTTP request sent, awaiting response... 200 OK
Length: 105172 (103K) [font/woff2]
Saving to: ‘snapshot/2026-08-03/public-site/ces.hku.hk/wp-content/plugins/elementor/assets/lib/eicons/fonts/eicons.woff2?5.47.0’

     0K .......... .......... .......... .......... .......... 48% 14.6M 0s
    50K .......... .......... .......... .......... .......... 97% 1.07M 0s
   100K ..                                                    100% 6.31M=0.05s

2026-08-03 14:44:34 (2.03 MB/s) - ‘snapshot/2026-08-03/public-site/ces.hku.hk/wp-content/plugins/elementor/assets/lib/eicons/fonts/eicons.woff2?5.47.0’ saved [105172/105172]

--2026-08-03 14:44:34--  https://ces.hku.hk/wp-content/plugins/elementor/assets/lib/eicons/fonts/eicons.woff?5.47.0
Reusing existing connection to ces.hku.hk:443.
HTTP request sent, awaiting response... 200 OK
Length: 129620 (127K) [font/woff]
Saving to: ‘snapshot/2026-08-03/public-site/ces.hku.hk/wp-content/plugins/elementor/assets/lib/eicons/fonts/eicons.woff?5.47.0’

     0K .......... .......... .......... .......... .......... 39% 2.37M 0s
    50K .......... .......... .......... .......... .......... 79% 1004K 0s
   100K .......... .......... ......                          100%  532K=0.1s

2026-08-03 14:44:34 (1.03 MB/s) - ‘snapshot/2026-08-03/public-site/ces.hku.hk/wp-content/plugins/elementor/assets/lib/eicons/fonts/eicons.woff?5.47.0’ saved [129620/129620]

--2026-08-03 14:44:34--  https://ces.hku.hk/wp-content/plugins/elementor/assets/lib/eicons/fonts/eicons.ttf?5.47.0
Reusing existing connection to ces.hku.hk:443.
HTTP request sent, awaiting response... 200 OK
Length: unspecified [application/x-font-ttf]
Saving to: ‘snapshot/2026-08-03/public-site/ces.hku.hk/wp-content/plugins/elementor/assets/lib/eicons/fonts/eicons.ttf?5.47.0’

     0K .......... .......... .......... .......... ..........  604K
    50K .......... .......... .......... .......... .......... 4.31M
   100K .......... .......... .......... .......... ..........  286K
   150K .......... .......... .......... .......... ..........  909K
   200K .......... .......... .........                        2.13M=0.3s

2026-08-03 14:44:35 (680 KB/s) - ‘snapshot/2026-08-03/public-site/ces.hku.hk/wp-content/plugins/elementor/assets/lib/eicons/fonts/eicons.ttf?5.47.0’ saved [235404]

--2026-08-03 14:44:35--  https://ces.hku.hk/wp-content/plugins/elementor/assets/lib/eicons/fonts/eicons.svg?5.47.0
Reusing existing connection to ces.hku.hk:443.
HTTP request sent, awaiting response... 200 OK
Length: unspecified [image/svg+xml]
Saving to: ‘snapshot/2026-08-03/public-site/ces.hku.hk/wp-content/plugins/elementor/assets/lib/eicons/fonts/eicons.svg?5.47.0’

     0K .......... .......... .......... .......... ..........  747K
    50K .......... .......... .......... .......... ..........  710K
   100K .......... .......... .......... .......... .......... 2.38M
   150K .......... .......... .......... .......... ..........  941K
   200K .......... .......... .......... .......... .......... 1.45M
   250K .......... .......... .......... .......... ..........  374K
   300K .......... .......... .......... .......... .......... 3.64M
   350K ...                                                    61.0K=0.4s

2026-08-03 14:44:35 (901 KB/s) - ‘snapshot/2026-08-03/public-site/ces.hku.hk/wp-content/plugins/elementor/assets/lib/eicons/fonts/eicons.svg?5.47.0’ saved [361523]

--2026-08-03 14:44:35--  https://ces.hku.hk/wp-content/plugins/elementor/assets/lib/font-awesome/webfonts/fa-brands-400.eot
Reusing existing connection to ces.hku.hk:443.
HTTP request sent, awaiting response... 200 OK
Length: unspecified [application/vnd.ms-fontobject]
Saving to: ‘snapshot/2026-08-03/public-site/ces.hku.hk/wp-content/plugins/elementor/assets/lib/font-awesome/webfonts/fa-brands-400.eot’

     0K .......... .......... .......... .......... .......... 1.50M
    50K .......... .......... .......... .......... ..........  778K
   100K .......... .......... .......... .......... ........   41.9M=0.1s

2026-08-03 14:44:35 (1.48 MB/s) - ‘snapshot/2026-08-03/public-site/ces.hku.hk/wp-content/plugins/elementor/assets/lib/font-awesome/webfonts/fa-brands-400.eot’ saved [151556]

--2026-08-03 14:44:35--  https://ces.hku.hk/wp-content/plugins/elementor/assets/lib/font-awesome/webfonts/fa-brands-400.eot?
Reusing existing connection to ces.hku.hk:443.
HTTP request sent, awaiting response... 200 OK
Length: unspecified [application/vnd.ms-fontobject]
Saving to: ‘snapshot/2026-08-03/public-site/ces.hku.hk/wp-content/plugins/elementor/assets/lib/font-awesome/webfonts/fa-brands-400.eot?’

     0K .......... .......... .......... .......... .......... 6.80M
    50K .......... .......... .......... .......... ..........  758K
   100K .......... .......... .......... .......... ........   68.4M=0.07s

2026-08-03 14:44:35 (1.96 MB/s) - ‘snapshot/2026-08-03/public-site/ces.hku.hk/wp-content/plugins/elementor/assets/lib/font-awesome/webfonts/fa-brands-400.eot?’ saved [151556]

--2026-08-03 14:44:35--  https://ces.hku.hk/wp-content/plugins/elementor/assets/lib/font-awesome/webfonts/fa-brands-400.woff2
Reusing existing connection to ces.hku.hk:443.
HTTP request sent, awaiting response... 200 OK
Length: 81612 (80K) [font/woff2]
Saving to: ‘snapshot/2026-08-03/public-site/ces.hku.hk/wp-content/plugins/elementor/assets/lib/font-awesome/webfonts/fa-brands-400.woff2’

     0K .......... .......... .......... .......... .......... 62%  626K 0s
    50K .......... .......... .........                       100% 56.0M=0.08s

2026-08-03 14:44:36 (992 KB/s) - ‘snapshot/2026-08-03/public-site/ces.hku.hk/wp-content/plugins/elementor/assets/lib/font-awesome/webfonts/fa-brands-400.woff2’ saved [81612/81612]

--2026-08-03 14:44:36--  https://ces.hku.hk/wp-content/plugins/elementor/assets/lib/font-awesome/webfonts/fa-brands-400.woff
Reusing existing connection to ces.hku.hk:443.
HTTP request sent, awaiting response... 200 OK
Length: 97804 (96K) [font/woff]
Saving to: ‘snapshot/2026-08-03/public-site/ces.hku.hk/wp-content/plugins/elementor/assets/lib/font-awesome/webfonts/fa-brands-400.woff’

     0K .......... .......... .......... .......... .......... 52% 2.20M 0s
    50K .......... .......... .......... .......... .....     100% 1.66M=0.05s

2026-08-03 14:44:36 (1.91 MB/s) - ‘snapshot/2026-08-03/public-site/ces.hku.hk/wp-content/plugins/elementor/assets/lib/font-awesome/webfonts/fa-brands-400.woff’ saved [97804/97804]

--2026-08-03 14:44:36--  https://ces.hku.hk/wp-content/plugins/elementor/assets/lib/font-awesome/webfonts/fa-brands-400.ttf
Reusing existing connection to ces.hku.hk:443.
HTTP request sent, awaiting response... 200 OK
Length: unspecified [application/x-font-ttf]
Saving to: ‘snapshot/2026-08-03/public-site/ces.hku.hk/wp-content/plugins/elementor/assets/lib/font-awesome/webfonts/fa-brands-400.ttf’

     0K .......... .......... .......... .......... ..........  980K
    50K .......... .......... .......... .......... .......... 11.0M
   100K .......... .......... .......... .......... .......     166K=0.3s

2026-08-03 14:44:36 (430 KB/s) - ‘snapshot/2026-08-03/public-site/ces.hku.hk/wp-content/plugins/elementor/assets/lib/font-awesome/webfonts/fa-brands-400.ttf’ saved [151368]

--2026-08-03 14:44:36--  https://ces.hku.hk/wp-content/plugins/elementor/assets/lib/font-awesome/webfonts/fa-brands-400.svg
Reusing existing connection to ces.hku.hk:443.
HTTP request sent, awaiting response... 200 OK
Length: unspecified [image/svg+xml]
Saving to: ‘snapshot/2026-08-03/public-site/ces.hku.hk/wp-content/plugins/elementor/assets/lib/font-awesome/webfonts/fa-brands-400.svg’

     0K .......... .......... .......... .......... ..........  732K
    50K .......... .......... .......... .......... ..........  774K
   100K .......... .......... .......... .......... .......... 1.16M
   150K .......... .......... .......... .......... ..........  346K
   200K .......... .......... .......... .......... .......... 1.10M
   250K .......... .......... .......... .......... ..........  916K
   300K .......... .......... .......... .......... .......... 1.44M
   350K .......... .......... .......... .......... ..........  972K
   400K .......... .......... .......... .......... .......... 1.07M
   450K .......... .......... .......... .......... ..........  827K
   500K .......... .......... .......... .......... ..........  104M
   550K .......... .......... .......... .......... .......... 4.75M
   600K .......... .......... .......... .......... .......... 1.59M
   650K .......... .......... .......... .......... ..........  987K
   700K .......... .......... .......... .                      984K=0.7s

2026-08-03 14:44:37 (997 KB/s) - ‘snapshot/2026-08-03/public-site/ces.hku.hk/wp-content/plugins/elementor/assets/lib/font-awesome/webfonts/fa-brands-400.svg’ saved [749223]

--2026-08-03 14:44:37--  https://ces.hku.hk/wp-content/plugins/elementor/assets/lib/font-awesome/webfonts/fa-regular-400.eot
Reusing existing connection to ces.hku.hk:443.
HTTP request sent, awaiting response... 200 OK
Length: unspecified [application/vnd.ms-fontobject]
Saving to: ‘snapshot/2026-08-03/public-site/ces.hku.hk/wp-content/plugins/elementor/assets/lib/font-awesome/webfonts/fa-regular-400.eot’

     0K .......... .......... .......... ...                   3.63M=0.009s

2026-08-03 14:44:37 (3.63 MB/s) - ‘snapshot/2026-08-03/public-site/ces.hku.hk/wp-content/plugins/elementor/assets/lib/font-awesome/webfonts/fa-regular-400.eot’ saved [34034]

--2026-08-03 14:44:37--  https://ces.hku.hk/wp-content/plugins/elementor/assets/lib/font-awesome/webfonts/fa-regular-400.eot?
Reusing existing connection to ces.hku.hk:443.
HTTP request sent, awaiting response... 200 OK
Length: unspecified [application/vnd.ms-fontobject]
Saving to: ‘snapshot/2026-08-03/public-site/ces.hku.hk/wp-content/plugins/elementor/assets/lib/font-awesome/webfonts/fa-regular-400.eot?’

     0K .......... .......... .......... ...                    596K=0.06s

2026-08-03 14:44:37 (596 KB/s) - ‘snapshot/2026-08-03/public-site/ces.hku.hk/wp-content/plugins/elementor/assets/lib/font-awesome/webfonts/fa-regular-400.eot?’ saved [34034]

--2026-08-03 14:44:37--  https://ces.hku.hk/wp-content/plugins/elementor/assets/lib/font-awesome/webfonts/fa-regular-400.woff2
Reusing existing connection to ces.hku.hk:443.
HTTP request sent, awaiting response... 200 OK
Length: 13276 (13K) [font/woff2]
Saving to: ‘snapshot/2026-08-03/public-site/ces.hku.hk/wp-content/plugins/elementor/assets/lib/font-awesome/webfonts/fa-regular-400.woff2’

     0K .......... ..                                         100% 1.37M=0.009s

2026-08-03 14:44:37 (1.37 MB/s) - ‘snapshot/2026-08-03/public-site/ces.hku.hk/wp-content/plugins/elementor/assets/lib/font-awesome/webfonts/fa-regular-400.woff2’ saved [13276/13276]

--2026-08-03 14:44:37--  https://ces.hku.hk/wp-content/plugins/elementor/assets/lib/font-awesome/webfonts/fa-regular-400.woff
Reusing existing connection to ces.hku.hk:443.
HTTP request sent, awaiting response... 200 OK
Length: 16276 (16K) [font/woff]
Saving to: ‘snapshot/2026-08-03/public-site/ces.hku.hk/wp-content/plugins/elementor/assets/lib/font-awesome/webfonts/fa-regular-400.woff’

     0K .......... .....                                      100%  235K=0.07s

2026-08-03 14:44:37 (235 KB/s) - ‘snapshot/2026-08-03/public-site/ces.hku.hk/wp-content/plugins/elementor/assets/lib/font-awesome/webfonts/fa-regular-400.woff’ saved [16276/16276]

--2026-08-03 14:44:37--  https://ces.hku.hk/wp-content/plugins/elementor/assets/lib/font-awesome/webfonts/fa-regular-400.ttf
Reusing existing connection to ces.hku.hk:443.
HTTP request sent, awaiting response... 200 OK
Length: unspecified [application/x-font-ttf]
Saving to: ‘snapshot/2026-08-03/public-site/ces.hku.hk/wp-content/plugins/elementor/assets/lib/font-awesome/webfonts/fa-regular-400.ttf’

     0K .......... .......... .......... ..                     103K=0.3s

2026-08-03 14:44:38 (103 KB/s) - ‘snapshot/2026-08-03/public-site/ces.hku.hk/wp-content/plugins/elementor/assets/lib/font-awesome/webfonts/fa-regular-400.ttf’ saved [33736]

--2026-08-03 14:44:38--  https://ces.hku.hk/wp-content/plugins/elementor/assets/lib/font-awesome/webfonts/fa-regular-400.svg
Reusing existing connection to ces.hku.hk:443.
HTTP request sent, awaiting response... 200 OK
Length: unspecified [image/svg+xml]
Saving to: ‘snapshot/2026-08-03/public-site/ces.hku.hk/wp-content/plugins/elementor/assets/lib/font-awesome/webfonts/fa-regular-400.svg’

     0K .......... .......... .......... .......... ..........  208K
    50K .......... .......... .......... .......... ..........  341K
   100K .......... .......... .......... .......... .           406K=0.5s

2026-08-03 14:44:38 (289 KB/s) - ‘snapshot/2026-08-03/public-site/ces.hku.hk/wp-content/plugins/elementor/assets/lib/font-awesome/webfonts/fa-regular-400.svg’ saved [144714]

--2026-08-03 14:44:38--  https://ces.hku.hk/wp-content/plugins/elementor/assets/lib/font-awesome/webfonts/fa-solid-900.eot
Reusing existing connection to ces.hku.hk:443.
HTTP request sent, awaiting response... 200 OK
Length: unspecified [application/vnd.ms-fontobject]
Saving to: ‘snapshot/2026-08-03/public-site/ces.hku.hk/wp-content/plugins/elementor/assets/lib/font-awesome/webfonts/fa-solid-900.eot’

     0K .......... .......... .......... .......... ..........  456K
    50K .......... .......... .......... .......... ..........  229K
   100K .......... .......... .......... .......... ..........  758K
   150K .......... .......... .......... .......... ........    392K=0.5s

2026-08-03 14:44:39 (383 KB/s) - ‘snapshot/2026-08-03/public-site/ces.hku.hk/wp-content/plugins/elementor/assets/lib/font-awesome/webfonts/fa-solid-900.eot’ saved [203030]

--2026-08-03 14:44:39--  https://ces.hku.hk/wp-content/plugins/elementor/assets/lib/font-awesome/webfonts/fa-solid-900.eot?
Reusing existing connection to ces.hku.hk:443.
HTTP request sent, awaiting response... 200 OK
Length: unspecified [application/vnd.ms-fontobject]
Saving to: ‘snapshot/2026-08-03/public-site/ces.hku.hk/wp-content/plugins/elementor/assets/lib/font-awesome/webfonts/fa-solid-900.eot?’

     0K .......... .......... .......... .......... ..........  266K
    50K .......... .......... .......... .......... ..........  584K
   100K .......... .......... .......... .......... ..........  449K
   150K .......... .......... .......... .......... ........   1.17M=0.4s

2026-08-03 14:44:39 (466 KB/s) - ‘snapshot/2026-08-03/public-site/ces.hku.hk/wp-content/plugins/elementor/assets/lib/font-awesome/webfonts/fa-solid-900.eot?’ saved [203030]

--2026-08-03 14:44:39--  https://ces.hku.hk/wp-content/plugins/elementor/assets/lib/font-awesome/webfonts/fa-solid-900.woff2
Reusing existing connection to ces.hku.hk:443.
HTTP request sent, awaiting response... 200 OK
Length: 78196 (76K) [font/woff2]
Saving to: ‘snapshot/2026-08-03/public-site/ces.hku.hk/wp-content/plugins/elementor/assets/lib/font-awesome/webfonts/fa-solid-900.woff2’

     0K .......... .......... .......... .......... .......... 65% 15.7M 0s
    50K .......... .......... ......                          100%  606K=0.05s

2026-08-03 14:44:40 (1.60 MB/s) - ‘snapshot/2026-08-03/public-site/ces.hku.hk/wp-content/plugins/elementor/assets/lib/font-awesome/webfonts/fa-solid-900.woff2’ saved [78196/78196]

--2026-08-03 14:44:40--  https://ces.hku.hk/wp-content/plugins/elementor/assets/lib/font-awesome/webfonts/fa-solid-900.woff
Reusing existing connection to ces.hku.hk:443.
HTTP request sent, awaiting response... 200 OK
Length: 101652 (99K) [font/woff]
Saving to: ‘snapshot/2026-08-03/public-site/ces.hku.hk/wp-content/plugins/elementor/assets/lib/font-awesome/webfonts/fa-solid-900.woff’

     0K .......... .......... .......... .......... .......... 50% 11.2M 0s
    50K .......... .......... .......... .......... ......... 100% 1.22M=0.04s

2026-08-03 14:44:40 (2.21 MB/s) - ‘snapshot/2026-08-03/public-site/ces.hku.hk/wp-content/plugins/elementor/assets/lib/font-awesome/webfonts/fa-solid-900.woff’ saved [101652/101652]

--2026-08-03 14:44:40--  https://ces.hku.hk/wp-content/plugins/elementor/assets/lib/font-awesome/webfonts/fa-solid-900.ttf
Reusing existing connection to ces.hku.hk:443.
HTTP request sent, awaiting response... 200 OK
Length: unspecified [application/x-font-ttf]
Saving to: ‘snapshot/2026-08-03/public-site/ces.hku.hk/wp-content/plugins/elementor/assets/lib/font-awesome/webfonts/fa-solid-900.ttf’

     0K .......... .......... .......... .......... ..........  743K
    50K .......... .......... .......... .......... .......... 1.27M
   100K .......... .......... .......... .......... .......... 1.07M
   150K .......... .......... .......... .......... .......    1.16M=0.2s

2026-08-03 14:44:40 (1.01 MB/s) - ‘snapshot/2026-08-03/public-site/ces.hku.hk/wp-content/plugins/elementor/assets/lib/font-awesome/webfonts/fa-solid-900.ttf’ saved [202744]

--2026-08-03 14:44:40--  https://ces.hku.hk/wp-content/plugins/elementor/assets/lib/font-awesome/webfonts/fa-solid-900.svg
Reusing existing connection to ces.hku.hk:443.
HTTP request sent, awaiting response... 200 OK
Length: unspecified [image/svg+xml]
Saving to: ‘snapshot/2026-08-03/public-site/ces.hku.hk/wp-content/plugins/elementor/assets/lib/font-awesome/webfonts/fa-solid-900.svg’

     0K .......... .......... .......... .......... ..........  998K
    50K .......... .......... .......... .......... ..........  400K
   100K .......... .......... .......... .......... ..........  575K
   150K .......... .......... .......... .......... .......... 1.25M
   200K .......... .......... .......... .......... ..........  736K
   250K .......... .......... .......... .......... ..........  866K
   300K .......... .......... .......... .......... .......... 2.29M
   350K .......... .......... .......... .......... ..........  447K
   400K .......... .......... .......... .......... .......... 4.07M
   450K .......... .......... .......... .......... ..........  398K
   500K .......... .......... .......... .......... .......... 1.46M
   550K .......... .......... .......... .......... .......... 1.95M
   600K .......... .......... .......... .......... ..........  517K
   650K .......... .......... .......... .......... .......... 7.80M
   700K .......... .......... .......... .......... .......... 1.10M
   750K .......... .......... .......... .......... ..........  680K
   800K .......... .......... .......... .......... .......... 1.67M
   850K .......... .......... .......... .......... .......     939K=1.1s

2026-08-03 14:44:41 (849 KB/s) - ‘snapshot/2026-08-03/public-site/ces.hku.hk/wp-content/plugins/elementor/assets/lib/font-awesome/webfonts/fa-solid-900.svg’ saved [918991]

--2026-08-03 14:44:41--  https://ces.hku.hk/?lang=zh-HK
Reusing existing connection to ces.hku.hk:443.
HTTP request sent, awaiting response... 200 OK
Length: unspecified [text/html]
Saving to: ‘snapshot/2026-08-03/public-site/ces.hku.hk/index.html?lang=zh-HK.html’

     0K .......... .......... .......... .......... ..........  991K
    50K ........                                               25.0M=0.05s

2026-08-03 14:44:42 (1.13 MB/s) - ‘snapshot/2026-08-03/public-site/ces.hku.hk/index.html?lang=zh-HK.html’ saved [60201]

--2026-08-03 14:44:42--  https://ces.hku.hk/wp-content/themes/CES_custom/style.css?v=1785739481
Reusing existing connection to ces.hku.hk:443.
HTTP request sent, awaiting response... 200 OK
Length: unspecified [text/css]
Saving to: ‘snapshot/2026-08-03/public-site/ces.hku.hk/wp-content/themes/CES_custom/style.css?v=1785739481.css’

     0K .......... ......                                      73.4M=0s

2026-08-03 14:44:42 (73.4 MB/s) - ‘snapshot/2026-08-03/public-site/ces.hku.hk/wp-content/themes/CES_custom/style.css?v=1785739481.css’ saved [17397]

--2026-08-03 14:44:42--  https://ces.hku.hk/wp-includes/css/dist/block-library/style.min.css?ver=7.0.2
Reusing existing connection to ces.hku.hk:443.
HTTP request sent, awaiting response... 200 OK
Length: unspecified [text/css]
Saving to: ‘snapshot/2026-08-03/public-site/ces.hku.hk/wp-includes/css/dist/block-library/style.min.css?ver=7.0.2.css’

     0K .......... .......... .......... .......... .......... 74.3M
    50K .......... .......... .......... .......... .......... 2.62M
   100K .......... .......... ........                         8.37M=0.02s

2026-08-03 14:44:42 (5.55 MB/s) - ‘snapshot/2026-08-03/public-site/ces.hku.hk/wp-includes/css/dist/block-library/style.min.css?ver=7.0.2.css’ saved [131189]

--2026-08-03 14:44:42--  https://ces.hku.hk/wp-content/themes/CES_custom/js/main.js?v=1785739481
Reusing existing connection to ces.hku.hk:443.
HTTP request sent, awaiting response... 200 OK
Length: unspecified [application/javascript]
Saving to: ‘snapshot/2026-08-03/public-site/ces.hku.hk/wp-content/themes/CES_custom/js/main.js?v=1785739481’

     0K .......... .......... .......... .......... .......... 2.57M
    50K ......                                                  121K=0.02s

2026-08-03 14:44:42 (2.89 MB/s) - ‘snapshot/2026-08-03/public-site/ces.hku.hk/wp-content/themes/CES_custom/js/main.js?v=1785739481’ saved [57405]

--2026-08-03 14:44:42--  https://ces.hku.hk/?lang=zh-CN
Reusing existing connection to ces.hku.hk:443.
HTTP request sent, awaiting response... 404 Not Found
2026-08-03 14:44:43 ERROR 404: Not Found.

--2026-08-03 14:44:43--  https://ces.hku.hk/?page_id=21
Reusing existing connection to ces.hku.hk:443.
HTTP request sent, awaiting response... 200 OK
Length: unspecified [text/html]
Saving to: ‘snapshot/2026-08-03/public-site/ces.hku.hk/index.html?page_id=21.html’

     0K .......... .......... .......... .......... .......... 1.67M
    50K ........                                               39.2M=0.03s

2026-08-03 14:44:44 (1.94 MB/s) - ‘snapshot/2026-08-03/public-site/ces.hku.hk/index.html?page_id=21.html’ saved [60114]

--2026-08-03 14:44:44--  https://ces.hku.hk/wp-content/themes/CES_custom/style.css?v=1785739483
Reusing existing connection to ces.hku.hk:443.
HTTP request sent, awaiting response... 200 OK
Length: unspecified [text/css]
Saving to: ‘snapshot/2026-08-03/public-site/ces.hku.hk/wp-content/themes/CES_custom/style.css?v=1785739483.css’

     0K .......... ......                                      91.2M=0s

2026-08-03 14:44:44 (91.2 MB/s) - ‘snapshot/2026-08-03/public-site/ces.hku.hk/wp-content/themes/CES_custom/style.css?v=1785739483.css’ saved [17397]

--2026-08-03 14:44:44--  https://ces.hku.hk/wp-content/uploads/elementor/css/post-21.css?ver=1785739462
Reusing existing connection to ces.hku.hk:443.
HTTP request sent, awaiting response... 200 OK
Length: unspecified [text/css]
Saving to: ‘snapshot/2026-08-03/public-site/ces.hku.hk/wp-content/uploads/elementor/css/post-21.css?ver=1785739462.css’

     0K ...                                                     318M=0s

2026-08-03 14:44:44 (318 MB/s) - ‘snapshot/2026-08-03/public-site/ces.hku.hk/wp-content/uploads/elementor/css/post-21.css?ver=1785739462.css’ saved [3333]

--2026-08-03 14:44:44--  https://ces.hku.hk/wp-content/plugins/elementor/assets/lib/font-awesome/css/fontawesome.min.css?ver=5.15.3
Reusing existing connection to ces.hku.hk:443.
HTTP request sent, awaiting response... 200 OK
Length: unspecified [text/css]
Saving to: ‘snapshot/2026-08-03/public-site/ces.hku.hk/wp-content/plugins/elementor/assets/lib/font-awesome/css/fontawesome.min.css?ver=5.15.3.css’

     0K .......... .......... .......... .......... .......... 1.24M
    50K ......                                                 24.0M=0.04s

2026-08-03 14:44:44 (1.39 MB/s) - ‘snapshot/2026-08-03/public-site/ces.hku.hk/wp-content/plugins/elementor/assets/lib/font-awesome/css/fontawesome.min.css?ver=5.15.3.css’ saved [58071]

--2026-08-03 14:44:44--  https://ces.hku.hk/wp-content/plugins/elementor/assets/lib/font-awesome/css/solid.min.css?ver=5.15.3
Reusing existing connection to ces.hku.hk:443.
HTTP request sent, awaiting response... 200 OK
Length: unspecified [text/css]
Saving to: ‘snapshot/2026-08-03/public-site/ces.hku.hk/wp-content/plugins/elementor/assets/lib/font-awesome/css/solid.min.css?ver=5.15.3.css’

     0K                                                         319M=0s

2026-08-03 14:44:44 (319 MB/s) - ‘snapshot/2026-08-03/public-site/ces.hku.hk/wp-content/plugins/elementor/assets/lib/font-awesome/css/solid.min.css?ver=5.15.3.css’ saved [669]

--2026-08-03 14:44:44--  https://ces.hku.hk/wp-content/plugins/elementor/assets/lib/font-awesome/css/regular.min.css?ver=5.15.3
Reusing existing connection to ces.hku.hk:443.
HTTP request sent, awaiting response... 200 OK
Length: unspecified [text/css]
Saving to: ‘snapshot/2026-08-03/public-site/ces.hku.hk/wp-content/plugins/elementor/assets/lib/font-awesome/css/regular.min.css?ver=5.15.3.css’

     0K                                                         108M=0s

2026-08-03 14:44:44 (108 MB/s) - ‘snapshot/2026-08-03/public-site/ces.hku.hk/wp-content/plugins/elementor/assets/lib/font-awesome/css/regular.min.css?ver=5.15.3.css’ saved [677]

--2026-08-03 14:44:44--  https://ces.hku.hk/wp-content/themes/CES_custom/js/main.js?v=1785739483
Reusing existing connection to ces.hku.hk:443.
HTTP request sent, awaiting response... 200 OK
Length: unspecified [application/javascript]
Saving to: ‘snapshot/2026-08-03/public-site/ces.hku.hk/wp-content/themes/CES_custom/js/main.js?v=1785739483’

     0K .......... .......... .......... .......... ..........  110M
    50K ......                                                  121K=0s

2026-08-03 14:44:45 (123 MB/s) - ‘snapshot/2026-08-03/public-site/ces.hku.hk/wp-content/themes/CES_custom/js/main.js?v=1785739483’ saved [57405]

--2026-08-03 14:44:45--  https://ces.hku.hk/wp-content/plugins/header-footer-elementor/inc/js/frontend.js?ver=2.8.3
Reusing existing connection to ces.hku.hk:443.
HTTP request sent, awaiting response... 200 OK
Length: unspecified [application/javascript]
Saving to: ‘snapshot/2026-08-03/public-site/ces.hku.hk/wp-content/plugins/header-footer-elementor/inc/js/frontend.js?ver=2.8.3’

     0K .......... .......... ..........                       1.45M=0.02s

2026-08-03 14:44:45 (1.45 MB/s) - ‘snapshot/2026-08-03/public-site/ces.hku.hk/wp-content/plugins/header-footer-elementor/inc/js/frontend.js?ver=2.8.3’ saved [31555]

--2026-08-03 14:44:45--  https://ces.hku.hk/?page_id=25
Reusing existing connection to ces.hku.hk:443.
HTTP request sent, awaiting response... 200 OK
Length: unspecified [text/html]
Saving to: ‘snapshot/2026-08-03/public-site/ces.hku.hk/index.html?page_id=25.html’

     0K .......... .......... .......... .......... ..........  442K
    50K ........                                               47.0M=0.1s

2026-08-03 14:44:45 (517 KB/s) - ‘snapshot/2026-08-03/public-site/ces.hku.hk/index.html?page_id=25.html’ saved [59919]

--2026-08-03 14:44:45--  https://ces.hku.hk/wp-content/themes/CES_custom/style.css?v=1785739408
Reusing existing connection to ces.hku.hk:443.
HTTP request sent, awaiting response... 200 OK
Length: unspecified [text/css]
Saving to: ‘snapshot/2026-08-03/public-site/ces.hku.hk/wp-content/themes/CES_custom/style.css?v=1785739408.css’

     0K .......... ......                                      43.5M=0s

2026-08-03 14:44:45 (43.5 MB/s) - ‘snapshot/2026-08-03/public-site/ces.hku.hk/wp-content/themes/CES_custom/style.css?v=1785739408.css’ saved [17397]

--2026-08-03 14:44:45--  https://ces.hku.hk/wp-content/uploads/elementor/css/post-25.css?ver=1785739408
Reusing existing connection to ces.hku.hk:443.
HTTP request sent, awaiting response... 200 OK
Length: unspecified [text/css]
Saving to: ‘snapshot/2026-08-03/public-site/ces.hku.hk/wp-content/uploads/elementor/css/post-25.css?ver=1785739408.css’

     0K .....                                                   752M=0s

2026-08-03 14:44:45 (752 MB/s) - ‘snapshot/2026-08-03/public-site/ces.hku.hk/wp-content/uploads/elementor/css/post-25.css?ver=1785739408.css’ saved [5523]

--2026-08-03 14:44:45--  https://ces.hku.hk/wp-content/themes/CES_custom/js/main.js?v=1785739409
Reusing existing connection to ces.hku.hk:443.
HTTP request sent, awaiting response... 200 OK
Length: unspecified [application/javascript]
Saving to: ‘snapshot/2026-08-03/public-site/ces.hku.hk/wp-content/themes/CES_custom/js/main.js?v=1785739409’

     0K .......... .......... .......... .......... .......... 1.08M
    50K ......                                                 78.9M=0.05s

2026-08-03 14:44:46 (1.21 MB/s) - ‘snapshot/2026-08-03/public-site/ces.hku.hk/wp-content/themes/CES_custom/js/main.js?v=1785739409’ saved [57405]

--2026-08-03 14:44:46--  https://ces.hku.hk/?page_id=2714
Reusing existing connection to ces.hku.hk:443.
HTTP request sent, awaiting response... 200 OK
Length: unspecified [text/html]
Saving to: ‘snapshot/2026-08-03/public-site/ces.hku.hk/index.html?page_id=2714.html’

     0K .......... .......... .......... .......... ..........  598K
    50K .......                                                37.3M=0.08s

2026-08-03 14:44:46 (682 KB/s) - ‘snapshot/2026-08-03/public-site/ces.hku.hk/index.html?page_id=2714.html’ saved [58602]

--2026-08-03 14:44:46--  https://ces.hku.hk/wp-content/themes/CES_custom/style.css?v=1785739486
Reusing existing connection to ces.hku.hk:443.
HTTP request sent, awaiting response... 200 OK
Length: unspecified [text/css]
Saving to: ‘snapshot/2026-08-03/public-site/ces.hku.hk/wp-content/themes/CES_custom/style.css?v=1785739486.css’

     0K .......... ......                                      74.1M=0s

2026-08-03 14:44:47 (74.1 MB/s) - ‘snapshot/2026-08-03/public-site/ces.hku.hk/wp-content/themes/CES_custom/style.css?v=1785739486.css’ saved [17397]

--2026-08-03 14:44:47--  https://ces.hku.hk/wp-content/themes/CES_custom/js/main.js?v=1785739486
Reusing existing connection to ces.hku.hk:443.
HTTP request sent, awaiting response... 200 OK
Length: unspecified [application/javascript]
Saving to: ‘snapshot/2026-08-03/public-site/ces.hku.hk/wp-content/themes/CES_custom/js/main.js?v=1785739486’

     0K .......... .......... .......... .......... ..........  803K
    50K ......                                                  121K=0.06s

2026-08-03 14:44:47 (901 KB/s) - ‘snapshot/2026-08-03/public-site/ces.hku.hk/wp-content/themes/CES_custom/js/main.js?v=1785739486’ saved [57405]

--2026-08-03 14:44:47--  https://ces.hku.hk/?page_id=529
Reusing existing connection to ces.hku.hk:443.
HTTP request sent, awaiting response... 200 OK
Length: unspecified [text/html]
Saving to: ‘snapshot/2026-08-03/public-site/ces.hku.hk/index.html?page_id=529.html’

     0K .......... .......... .......... .......... ..........  176M
    50K .......                                                 144M=0s

2026-08-03 14:44:47 (171 MB/s) - ‘snapshot/2026-08-03/public-site/ces.hku.hk/index.html?page_id=529.html’ saved [58431]

--2026-08-03 14:44:47--  https://ces.hku.hk/wp-content/themes/CES_custom/style.css?v=1785739487
Reusing existing connection to ces.hku.hk:443.
HTTP request sent, awaiting response... 200 OK
Length: unspecified [text/css]
Saving to: ‘snapshot/2026-08-03/public-site/ces.hku.hk/wp-content/themes/CES_custom/style.css?v=1785739487.css’

     0K .......... ......                                      68.7K=0.2s

2026-08-03 14:44:48 (68.7 KB/s) - ‘snapshot/2026-08-03/public-site/ces.hku.hk/wp-content/themes/CES_custom/style.css?v=1785739487.css’ saved [17397]

--2026-08-03 14:44:48--  https://ces.hku.hk/wp-content/themes/CES_custom/js/main.js?v=1785739487
Reusing existing connection to ces.hku.hk:443.
HTTP request sent, awaiting response... 200 OK
Length: unspecified [application/javascript]
Saving to: ‘snapshot/2026-08-03/public-site/ces.hku.hk/wp-content/themes/CES_custom/js/main.js?v=1785739487’

     0K .......... .......... .......... .......... ..........  749K
    50K ......                                                  121K=0.07s

2026-08-03 14:44:48 (840 KB/s) - ‘snapshot/2026-08-03/public-site/ces.hku.hk/wp-content/themes/CES_custom/js/main.js?v=1785739487’ saved [57405]

FINISHED --2026-08-03 14:44:48--
Total wall clock time: 22s
Downloaded: 85 files, 7.6M in 11s (725 KB/s)
Converting links in snapshot/2026-08-03/public-site/ces.hku.hk/index.html?page_id=25.html... 53.
53-0
Converting links in snapshot/2026-08-03/public-site/ces.hku.hk/index.html... 55.
55-0
Converting links in snapshot/2026-08-03/public-site/ces.hku.hk/index.html?lang=zh-HK.html... 50.
50-0
Converting links in snapshot/2026-08-03/public-site/ces.hku.hk/index.html?page_id=21.html... 56.
56-0
Converting links in snapshot/2026-08-03/public-site/ces.hku.hk/index.html?page_id=2714.html... 47.
47-0
Converting links in snapshot/2026-08-03/public-site/ces.hku.hk/index.html?page_id=529.html... 46.
46-0
Converting links in snapshot/2026-08-03/public-site/ces.hku.hk/wp-content/themes/CES_custom/style.css?v=1785739481.css... nothing to do.
Converting links in snapshot/2026-08-03/public-site/ces.hku.hk/wp-content/plugins/elementor/assets/lib/font-awesome/css/solid.min.css?ver=5.15.3.css... 6.
6-0
Converting links in snapshot/2026-08-03/public-site/ces.hku.hk/wp-content/plugins/bogo/includes/css/style.css?ver=3.9.2.css... nothing to do.
Converting links in snapshot/2026-08-03/public-site/ces.hku.hk/wp-content/plugins/elementor/assets/lib/font-awesome/css/brands.css?ver=5.15.3.css... 6.
6-0
Converting links in snapshot/2026-08-03/public-site/ces.hku.hk/wp-content/uploads/elementor/css/post-2.css?ver=1785646049.css... nothing to do.
Converting links in snapshot/2026-08-03/public-site/ces.hku.hk/wp-content/plugins/elementor/assets/lib/font-awesome/css/regular.min.css?ver=5.15.3.css... 6.
6-0
Converting links in snapshot/2026-08-03/public-site/ces.hku.hk/wp-content/uploads/elementor/css/post-25.css?ver=1785739408.css... nothing to do.
Converting links in snapshot/2026-08-03/public-site/ces.hku.hk/wp-content/themes/CES_custom/style.css?v=1785739487.css... nothing to do.
Converting links in snapshot/2026-08-03/public-site/ces.hku.hk/wp-content/plugins/elementor/assets/css/widget-social-icons.min.css?ver=3.24.0.css... nothing to do.
Converting links in snapshot/2026-08-03/public-site/ces.hku.hk/wp-content/plugins/suretriggers/assets/css/st-trigger-button.css?ver=1.1.20.css... nothing to do.
Converting links in snapshot/2026-08-03/public-site/ces.hku.hk/wp-content/plugins/elementor/assets/lib/font-awesome/css/all.min.css?ver=3.35.7.css... 18.
18-0
Converting links in snapshot/2026-08-03/public-site/ces.hku.hk/wp-content/plugins/elementor/assets/css/widget-icon-list.min.css?ver=3.24.3.css... nothing to do.
Converting links in snapshot/2026-08-03/public-site/ces.hku.hk/wp-content/uploads/elementor/css/post-1399.css?ver=1785643293.css... nothing to do.
Converting links in snapshot/2026-08-03/public-site/ces.hku.hk/wp-content/plugins/elementor/assets/lib/font-awesome/css/fontawesome.min.css?ver=5.15.3.css... nothing to do.
Converting links in snapshot/2026-08-03/public-site/ces.hku.hk/wp-content/uploads/elementor/css/post-21.css?ver=1785739462.css... nothing to do.
Converting links in snapshot/2026-08-03/public-site/ces.hku.hk/wp-content/themes/CES_custom/style.css?v=1785739408.css... nothing to do.
Converting links in snapshot/2026-08-03/public-site/ces.hku.hk/wp-content/themes/CES_custom/style.css?v=1785739486.css... nothing to do.
Converting links in snapshot/2026-08-03/public-site/ces.hku.hk/wp-includes/css/dist/block-library/style.min.css?ver=7.0.2.css... nothing to do.
Converting links in snapshot/2026-08-03/public-site/ces.hku.hk/wp-content/plugins/elementor/assets/lib/font-awesome/css/solid.css?ver=5.15.3.css... 6.
6-0
Converting links in snapshot/2026-08-03/public-site/ces.hku.hk/wp-content/plugins/elementor/assets/css/frontend.min.css?ver=3.35.7.css... nothing to do.
Converting links in snapshot/2026-08-03/public-site/ces.hku.hk/wp-content/plugins/elementor/assets/lib/eicons/css/elementor-icons.min.css?ver=5.34.0.css... 6.
6-0
Converting links in snapshot/2026-08-03/public-site/ces.hku.hk/wp-content/themes/CES_custom/style.css?v=1785739483.css... nothing to do.
Converting links in snapshot/2026-08-03/public-site/ces.hku.hk/wp-content/plugins/header-footer-elementor/inc/widgets-css/frontend.css?ver=2.8.3.css... nothing to do.
Converting links in snapshot/2026-08-03/public-site/ces.hku.hk/wp-content/themes/CES_custom/style.css?v=1785698724.css... nothing to do.
Converting links in snapshot/2026-08-03/public-site/ces.hku.hk/wp-content/plugins/header-footer-elementor/assets/css/header-footer-elementor.css?ver=2.8.3.css... nothing to do.
Converting links in snapshot/2026-08-03/public-site/ces.hku.hk/wp-content/plugins/elementor/assets/lib/font-awesome/css/fontawesome.css?ver=5.15.3.css... nothing to do.
Converting links in snapshot/2026-08-03/public-site/ces.hku.hk/wp-content/plugins/elementor/assets/lib/font-awesome/css/v4-shims.min.css?ver=3.35.7.css... nothing to do.
Converting links in snapshot/2026-08-03/public-site/ces.hku.hk/wp-content/plugins/elementor/assets/lib/eicons/css/elementor-icons.min.css?ver=5.47.0.css... 6.
6-0
Converting links in snapshot/2026-08-03/public-site/ces.hku.hk/wp-content/plugins/elementor/assets/css/widget-image.min.css?ver=3.35.7.css... nothing to do.
Converted links in 35 files in 0.02 seconds.
